../Core/Src/main.c:81:5:main	24	static
../Core/Src/main.c:218:6:SystemClock_Config	96	static
../Core/Src/main.c:279:13:MX_ADC1_Init	48	static
../Core/Src/main.c:346:13:MX_LPUART1_UART_Init	8	static
../Core/Src/main.c:380:13:MX_USB_OTG_FS_PCD_Init	8	static
../Core/Src/main.c:413:13:MX_DMA_Init	16	static
../Core/Src/main.c:431:13:MX_GPIO_Init	48	static
../Core/Src/main.c:501:6:dma_xfer_cplt	16	static
../Core/Src/main.c:505:6:HAL_ADC_ConvCpltCallback	16	static
../Core/Src/main.c:518:6:HAL_ADC_ConvHalfCpltCallback	16	static
../Core/Src/main.c:528:6:Error_Handler	4	static,ignoring_inline_asm
